<?xml version="1.0" encoding="utf-8" standalone="yes"?>
<rss version="2.0" xmlns:atom="http://www.w3.org/2005/Atom" xmlns:content="http://purl.org/rss/1.0/modules/content/">
  <channel>
    <title>Golden on visaminah.github.io</title>
    <link>https://visaminah.github.io/tags/golden/</link>
    <description>Recent content in Golden on visaminah.github.io</description>
    <image>
      <url>https://visaminah.github.io/%3Clink%20or%20path%20of%20image%20for%20opengraph,%20twitter-cards%3E</url>
      <link>https://visaminah.github.io/%3Clink%20or%20path%20of%20image%20for%20opengraph,%20twitter-cards%3E</link>
    </image>
    <generator>Hugo -- gohugo.io</generator>
    <lastBuildDate>Sat, 19 Nov 2022 00:00:00 +0000</lastBuildDate><atom:link href="https://visaminah.github.io/tags/golden/index.xml" rel="self" type="application/rss+xml" />
    <item>
      <title>38 Important Facts About Making Golden Brown Paint</title>
      <link>https://visaminah.github.io/posts/38-how-to-make-golden-brown-paint/</link>
      <pubDate>Sat, 19 Nov 2022 00:00:00 +0000</pubDate>
      
      <guid>https://visaminah.github.io/posts/38-how-to-make-golden-brown-paint/</guid>
      <description>Today&amp;rsquo;s topic is How To Make Golden Brown Paint. Obviously, you can find a great deal of How To Make Golden Brown-related content online. The proliferation of online platforms has streamlined our access to information.
There is a connection between the Golden Brown Colour Combination and How To Make Golden Colour At Home information. additional searching needs to be done for 6 Shades of Brown Paint to Beautify Your Home, which will also be related to 2oz Golden Brown Color Acrylic Paint Painting Wood Terra-cotta Paper Canvas Metal Ceramic Thick Heavy Pigmentation.</description>
    </item>
    
    <item>
      <title>130 Suggestions For Colors That Go Well With Golden Brown</title>
      <link>https://visaminah.github.io/posts/130-what-color-matches-with-golden-brown/</link>
      <pubDate>Sat, 12 Nov 2022 00:00:00 +0000</pubDate>
      
      <guid>https://visaminah.github.io/posts/130-what-color-matches-with-golden-brown/</guid>
      <description>What Color Matches With Golden Brown will be the topic of our conversation on this particular occasion. There is, without a doubt, a great deal of information pertaining to Do blue and brown go together? available on the internet. As a result of the rapid development of social media, it is now much simpler for us to acquire new information.
There is a connection between the pieces of information pertaining to Colors That Match With Brown Clothes, Inspiration: How to Wear Red and Brown Together, and How to Combine Brown Trousers.</description>
    </item>
    
    <item>
      <title>48 Interesting Facts About Making Golden Brown Paint</title>
      <link>https://visaminah.github.io/posts/48-how-do-you-make-golden-brown-paint/</link>
      <pubDate>Fri, 04 Nov 2022 00:00:00 +0000</pubDate>
      
      <guid>https://visaminah.github.io/posts/48-how-do-you-make-golden-brown-paint/</guid>
      <description>Today&amp;rsquo;s topic is How Do You Make Golden Brown Paint. Obviously, you can find a great deal of how to make golden brown paint-related content online. The proliferation of online platforms has streamlined our access to information.
There is a connection between the How To Make Brown Colour By Mixing Two Colours and How To Make Golden Colour By Mixing Two Colours information. additional searching needs to be done for How To Make Golden Colour By Mixing Two Colours, which will also be related to How to Make Brown with Acrylic Paint.</description>
    </item>
    
  </channel>
</rss>
